┏━━━━━━━━━━━━━━━━━━━━━━┳━━━━━━━━━━┳━━━━━━━━━━┳━━━━━━━━━━┳━━━━━━━━━━┳━━━━━━━━━━━┳━━━━━━━━━━┳━━━━━━━━━━━┳━━━━━━━━━━┳━━━━━━━━━━━┳━━━━━━━━━━┳━━━━━━━━━━━┳━━━━━━━━━━┓
┃                      ┃ Hold     ┃ Reg to   ┃          ┃          ┃ of which  ┃ Setup    ┃           ┃          ┃           ┃ of which ┃           ┃          ┃
┃                      ┃ Worst    ┃ Reg      ┃          ┃ Hold Vio ┃ reg to    ┃ Worst    ┃ Reg to    ┃ Setup    ┃ Setup Vio ┃ reg to   ┃ Max Cap   ┃ Max Slew ┃
┃ Corner/Group         ┃ Slack    ┃ Paths    ┃ Hold TNS ┃ Count    ┃ reg       ┃ Slack    ┃ Reg Paths ┃ TNS      ┃ Count     ┃ reg      ┃ Violatio… ┃ Violati… ┃
┡━━━━━━━━━━━━━━━━━━━━━━╇━━━━━━━━━━╇━━━━━━━━━━╇━━━━━━━━━━╇━━━━━━━━━━╇━━━━━━━━━━━╇━━━━━━━━━━╇━━━━━━━━━━━╇━━━━━━━━━━╇━━━━━━━━━━━╇━━━━━━━━━━╇━━━━━━━━━━━╇━━━━━━━━━━┩
│ Overall              │ 0.1370   │ 0.1370   │ 0.0000   │ 0        │ 0         │ 1.6913   │ 2.2584    │ 0.0000   │ 0         │ 0        │ 199       │ 1317     │
│ nom_tt_025C_5v00     │ 0.3818   │ 0.3818   │ 0.0000   │ 0        │ 0         │ 7.9278   │ 15.6132   │ 0.0000   │ 0         │ 0        │ 73        │ 0        │
│ nom_ss_125C_4v50     │ 0.9447   │ 0.9447   │ 0.0000   │ 0        │ 0         │ 1.8247   │ 3.5685    │ 0.0000   │ 0         │ 0        │ 79        │ 471      │
│ nom_ff_n40C_5v50     │ 0.1401   │ 0.1401   │ 0.0000   │ 0        │ 0         │ 10.5906  │ 19.1640   │ 0.0000   │ 0         │ 0        │ 70        │ 0        │
│ min_tt_025C_5v00     │ 0.3769   │ 0.3769   │ 0.0000   │ 0        │ 0         │ 7.9936   │ 15.6992   │ 0.0000   │ 0         │ 0        │ 22        │ 0        │
│ min_ss_125C_4v50     │ 0.9370   │ 0.9370   │ 0.0000   │ 0        │ 0         │ 1.9438   │ 4.6499    │ 0.0000   │ 0         │ 0        │ 23        │ 115      │
│ min_ff_n40C_5v50     │ 0.1370   │ 0.1370   │ 0.0000   │ 0        │ 0         │ 10.6329  │ 19.2199   │ 0.0000   │ 0         │ 0        │ 21        │ 0        │
│ max_tt_025C_5v00     │ 0.3872   │ 0.3872   │ 0.0000   │ 0        │ 0         │ 7.8515   │ 15.5124   │ 0.0000   │ 0         │ 0        │ 184       │ 4        │
│ max_ss_125C_4v50     │ 0.9539   │ 0.9539   │ 0.0000   │ 0        │ 0         │ 1.6913   │ 2.2584    │ 0.0000   │ 0         │ 0        │ 199       │ 1317     │
│ max_ff_n40C_5v50     │ 0.1436   │ 0.1436   │ 0.0000   │ 0        │ 0         │ 10.5423  │ 19.0968   │ 0.0000   │ 0         │ 0        │ 178       │ 0        │
└──────────────────────┴──────────┴──────────┴──────────┴──────────┴───────────┴──────────┴───────────┴──────────┴───────────┴──────────┴───────────┴──────────┘
