+ analyze_power_grid -net VDD -voltage_file /home/ral298/eda/designs/convChip_chipaton/librelane/runs/RUN_2026-08-25_03-12-25/55-openroad-irdropreport/net-VDD.csv
[INFO PSM-0040] All shapes on net VDD are connected.
########## IR report #################
Net              : VDD
Corner           : nom_tt_025C_5v00
Total power      : 1.84e-04 W
Supply voltage   : 5.00e+00 V
Worstcase voltage: 5.00e+00 V
Average voltage  : 5.00e+00 V
Average IR drop  : 2.17e-08 V
Worstcase IR drop: 3.26e-06 V
Percentage drop  : 0.00 %
######################################
+ analyze_power_grid -net VSS -voltage_file /home/ral298/eda/designs/convChip_chipaton/librelane/runs/RUN_2026-08-25_03-12-25/55-openroad-irdropreport/net-VSS.csv
[INFO PSM-0040] All shapes on net VSS are connected.
########## IR report #################
Net              : VSS
Corner           : nom_tt_025C_5v00
Total power      : 1.84e-04 W
Supply voltage   : 0.00e+00 V
Worstcase voltage: 3.29e-06 V
Average voltage  : 1.63e-08 V
Average IR drop  : 1.63e-08 V
Worstcase IR drop: 3.29e-06 V
Percentage drop  : 0.00 %
######################################
