+ analyze_power_grid -net VDD -voltage_file /home/ral298/eda/designs/convChip_chipaton/librelane/runs/RUN_2026-08-25_02-34-08/58-openroad-irdropreport/net-VDD.csv
[INFO PSM-0040] All shapes on net VDD are connected.
########## IR report #################
Net              : VDD
Corner           : max_ff_n40C_5v50
Total power      : 1.37e-01 W
Supply voltage   : 5.00e+00 V
Worstcase voltage: 5.00e+00 V
Average voltage  : 5.00e+00 V
Average IR drop  : 2.10e-05 V
Worstcase IR drop: 3.73e-04 V
Percentage drop  : 0.01 %
######################################
+ analyze_power_grid -net VSS -voltage_file /home/ral298/eda/designs/convChip_chipaton/librelane/runs/RUN_2026-08-25_02-34-08/58-openroad-irdropreport/net-VSS.csv
[INFO PSM-0040] All shapes on net VSS are connected.
########## IR report #################
Net              : VSS
Corner           : max_ff_n40C_5v50
Total power      : 1.37e-01 W
Supply voltage   : 0.00e+00 V
Worstcase voltage: 2.39e-04 V
Average voltage  : 1.74e-05 V
Average IR drop  : 1.74e-05 V
Worstcase IR drop: 2.39e-04 V
Percentage drop  : 0.00 %
######################################
